<?php

/**
 * Some nice class.
 */
class NiceClass {

  /**
   * Does some stuff.
   *
   * @param array $a
   * @param string|int|object|bool $b
   * @return array
   */
  public static function index_by(array $a, $b): array {
  }

  /**
   * Does some more stuff.
   */
  public function more_stuff($a) {
  }

  public function no_docblock() {
  }
}
