<?hh //partial

class Three extends Two {
  public function foo() : <<__Soft>> int {
    return 3;
  }
}
