[
  {
    "jsonrpc": "2.0",
    "id": 1,
    "result": {
      "capabilities": {
        "textDocumentSync": {
          "openClose": true,
          "change": 2,
          "willSave": false,
          "willSaveWaitUntil": false,
          "save": {
            "includeText": false
          }
        },
        "hoverProvider": true,
        "completionProvider": {
          "resolveProvider": true,
          "triggerCharacters": [
            "$",
            ">",
            "\\",
            ":",
            "<",
            "[",
            "'",
            "\""
          ]
        },
        "signatureHelpProvider": {
          "triggerCharacters": [
            "(",
            ","
          ]
        },
        "definitionProvider": true,
        "typeDefinitionProvider": true,
        "referencesProvider": true,
        "documentHighlightProvider": true,
        "documentSymbolProvider": true,
        "workspaceSymbolProvider": true,
        "codeActionProvider": false,
        "documentFormattingProvider": true,
        "documentRangeFormattingProvider": true,
        "documentOnTypeFormattingProvider": {
          "firstTriggerCharacter": ";",
          "moreTriggerCharacter": [
            "}"
          ]
        },
        "renameProvider": true,
        "implementationProvider": true,
        "typeCoverageProvider": true,
        "rageProvider": true
      }
    }
  },
  {
    "jsonrpc": "2.0",
    "id": 11,
    "result": [
      {
        "uri": "file://${root_path}/references.php",
        "range": {
          "start": {
            "line": 3,
            "character": 31
          },
          "end": {
            "line": 3,
            "character": 33
          }
        }
      },
      {
        "uri": "file://${root_path}/references.php",
        "range": {
          "start": {
            "line": 4,
            "character": 9
          },
          "end": {
            "line": 4,
            "character": 11
          }
        }
      },
      {
        "uri": "file://${root_path}/references.php",
        "range": {
          "start": {
            "line": 6,
            "character": 9
          },
          "end": {
            "line": 6,
            "character": 11
          }
        }
      }
    ]
  },
  {
    "jsonrpc": "2.0",
    "id": 12,
    "result": [
      {
        "uri": "file://${root_path}/references.php",
        "range": {
          "start": {
            "line": 9,
            "character": 18
          },
          "end": {
            "line": 9,
            "character": 33
          }
        }
      },
      {
        "uri": "file://${root_path}/references.php",
        "range": {
          "start": {
            "line": 19,
            "character": 21
          },
          "end": {
            "line": 19,
            "character": 36
          }
        }
      }
    ]
  },
  {
    "jsonrpc": "2.0",
    "id": 13,
    "result": [
      {
        "uri": "file://${root_path}/references.php",
        "range": {
          "start": {
            "line": 36,
            "character": 24
          },
          "end": {
            "line": 36,
            "character": 26
          }
        }
      },
      {
        "uri": "file://${root_path}/references.php",
        "range": {
          "start": {
            "line": 37,
            "character": 2
          },
          "end": {
            "line": 37,
            "character": 4
          }
        }
      },
      {
        "uri": "file://${root_path}/references.php",
        "range": {
          "start": {
            "line": 38,
            "character": 4
          },
          "end": {
            "line": 38,
            "character": 6
          }
        }
      },
      {
        "uri": "file://${root_path}/references.php",
        "range": {
          "start": {
            "line": 38,
            "character": 10
          },
          "end": {
            "line": 38,
            "character": 12
          }
        }
      },
      {
        "uri": "file://${root_path}/references.php",
        "range": {
          "start": {
            "line": 38,
            "character": 24
          },
          "end": {
            "line": 38,
            "character": 26
          }
        }
      },
      {
        "uri": "file://${root_path}/references.php",
        "range": {
          "start": {
            "line": 40,
            "character": 20
          },
          "end": {
            "line": 40,
            "character": 22
          }
        }
      },
      {
        "uri": "file://${root_path}/references.php",
        "range": {
          "start": {
            "line": 43,
            "character": 30
          },
          "end": {
            "line": 43,
            "character": 32
          }
        }
      },
      {
        "uri": "file://${root_path}/references.php",
        "range": {
          "start": {
            "line": 44,
            "character": 11
          },
          "end": {
            "line": 44,
            "character": 13
          }
        }
      }
    ]
  },
  {
    "jsonrpc": "2.0",
    "id": 14,
    "result": [
      {
        "uri": "file://${root_path}/references.php",
        "range": {
          "start": {
            "line": 30,
            "character": 5
          },
          "end": {
            "line": 30,
            "character": 16
          }
        }
      },
      {
        "uri": "file://${root_path}/references.php",
        "range": {
          "start": {
            "line": 46,
            "character": 17
          },
          "end": {
            "line": 46,
            "character": 28
          }
        }
      },
      {
        "uri": "file://${root_path}/references.php",
        "range": {
          "start": {
            "line": 45,
            "character": 10
          },
          "end": {
            "line": 45,
            "character": 21
          }
        }
      }
    ]
  },
  {
    "jsonrpc": "2.0",
    "id": 999,
    "result": null
  }
]
