[
  {
    "jsonrpc": "2.0",
    "id": 990,
    "result": {
      "capabilities": {
        "textDocumentSync": {
          "openClose": true,
          "change": 2,
          "willSave": false,
          "willSaveWaitUntil": false,
          "save": {
            "includeText": false
          }
        },
        "hoverProvider": true,
        "completionProvider": {
          "resolveProvider": true,
          "triggerCharacters": [
            "$",
            ">",
            "\\",
            ":",
            "<",
            "[",
            "'",
            "\""
          ]
        },
        "signatureHelpProvider": {
          "triggerCharacters": [
            "(",
            ","
          ]
        },
        "definitionProvider": true,
        "referencesProvider": true,
        "documentHighlightProvider": true,
        "documentSymbolProvider": true,
        "workspaceSymbolProvider": true,
        "codeActionProvider": false,
        "documentFormattingProvider": true,
        "documentRangeFormattingProvider": true,
        "documentOnTypeFormattingProvider": {
          "firstTriggerCharacter": ";",
          "moreTriggerCharacter": [
            "}"
          ]
        },
        "renameProvider": true,
        "typeCoverageProvider": true,
        "rageProvider": true
      }
    }
  },
  {
    "jsonrpc": "2.0",
    "id": 1,
    "result": {
      "changes": {
        "${php_file_uri}": [
          {
            "range": {
              "start": {
                "line": 3,
                "character": 8
              },
              "end": {
                "line": 3,
                "character": 16
              }
            },
            "newText": "NEW_CONSTANT"
          },
          {
            "range": {
              "start": {
                "line": 52,
                "character": 22
              },
              "end": {
                "line": 52,
                "character": 30
              }
            },
            "newText": "NEW_CONSTANT"
          },
          {
            "range": {
              "start": {
                "line": 9,
                "character": 38
              },
              "end": {
                "line": 9,
                "character": 46
              }
            },
            "newText": "NEW_CONSTANT"
          }
        ]
      }
    }
  },
  {
    "jsonrpc": "2.0",
    "id": 2,
    "result": {
      "changes": {
        "${php_file_uri}": [
          {
            "range": {
              "start": {
                "line": 2,
                "character": 6
              },
              "end": {
                "line": 2,
                "character": 15
              }
            },
            "newText": "HistoryClass"
          },
          {
            "range": {
              "start": {
                "line": 54,
                "character": 19
              },
              "end": {
                "line": 54,
                "character": 28
              }
            },
            "newText": "HistoryClass"
          },
          {
            "range": {
              "start": {
                "line": 53,
                "character": 15
              },
              "end": {
                "line": 53,
                "character": 24
              }
            },
            "newText": "HistoryClass"
          },
          {
            "range": {
              "start": {
                "line": 52,
                "character": 11
              },
              "end": {
                "line": 52,
                "character": 20
              }
            },
            "newText": "HistoryClass"
          },
          {
            "range": {
              "start": {
                "line": 49,
                "character": 20
              },
              "end": {
                "line": 49,
                "character": 29
              }
            },
            "newText": "HistoryClass"
          },
          {
            "range": {
              "start": {
                "line": 9,
                "character": 27
              },
              "end": {
                "line": 9,
                "character": 36
              }
            },
            "newText": "HistoryClass"
          }
        ]
      }
    }
  },
  {
    "jsonrpc": "2.0",
    "id": 3,
    "result": {
      "changes": {
        "${php_file_uri}": [
          {
            "range": {
              "start": {
                "line": 12,
                "character": 18
              },
              "end": {
                "line": 12,
                "character": 29
              }
            },
            "newText": "some_other_method"
          },
          {
            "range": {
              "start": {
                "line": 51,
                "character": 43
              },
              "end": {
                "line": 51,
                "character": 54
              }
            },
            "newText": "some_other_method"
          },
          {
            "range": {
              "start": {
                "line": 51,
                "character": 15
              },
              "end": {
                "line": 51,
                "character": 26
              }
            },
            "newText": "some_other_method"
          },
          {
            "range": {
              "start": {
                "line": 11,
                "character": 0
              },
              "end": {
                "line": 11,
                "character": 0
              }
            },
            "newText": "\n  <<__Deprecated(\"Use `some_other_method` instead\")>>\n  public function test_method(): int {\n    return $this->some_other_method();\n  }\n"
          }
        ]
      }
    }
  },
  {
    "jsonrpc": "2.0",
    "id": 4,
    "result": {
      "changes": {
        "${php_file_uri}": [
          {
            "range": {
              "start": {
                "line": 4,
                "character": 15
              },
              "end": {
                "line": 4,
                "character": 27
              }
            },
            "newText": "ANOTHER_STR_CONSTANT"
          },
          {
            "range": {
              "start": {
                "line": 53,
                "character": 26
              },
              "end": {
                "line": 53,
                "character": 38
              }
            },
            "newText": "ANOTHER_STR_CONSTANT"
          }
        ]
      }
    }
  },
  {
    "jsonrpc": "2.0",
    "id": 5,
    "result": {
      "changes": {
        "${php_file_uri}": [
          {
            "range": {
              "start": {
                "line": 5,
                "character": 17
              },
              "end": {
                "line": 5,
                "character": 33
              }
            },
            "newText": "AVOGADRO_CONSTANT"
          },
          {
            "range": {
              "start": {
                "line": 54,
                "character": 30
              },
              "end": {
                "line": 54,
                "character": 46
              }
            },
            "newText": "AVOGADRO_CONSTANT"
          }
        ]
      }
    }
  },
  {
    "jsonrpc": "2.0",
    "id": 6,
    "result": {
      "changes": {
        "${php_file_uri}": [
          {
            "range": {
              "start": {
                "line": 69,
                "character": 34
              },
              "end": {
                "line": 69,
                "character": 40
              }
            },
            "newText": "$kittens_and_rainbows"
          },
          {
            "range": {
              "start": {
                "line": 70,
                "character": 2
              },
              "end": {
                "line": 70,
                "character": 8
              }
            },
            "newText": "$kittens_and_rainbows"
          },
          {
            "range": {
              "start": {
                "line": 71,
                "character": 4
              },
              "end": {
                "line": 71,
                "character": 10
              }
            },
            "newText": "$kittens_and_rainbows"
          },
          {
            "range": {
              "start": {
                "line": 71,
                "character": 14
              },
              "end": {
                "line": 71,
                "character": 20
              }
            },
            "newText": "$kittens_and_rainbows"
          },
          {
            "range": {
              "start": {
                "line": 71,
                "character": 32
              },
              "end": {
                "line": 71,
                "character": 38
              }
            },
            "newText": "$kittens_and_rainbows"
          },
          {
            "range": {
              "start": {
                "line": 73,
                "character": 20
              },
              "end": {
                "line": 73,
                "character": 26
              }
            },
            "newText": "$kittens_and_rainbows"
          },
          {
            "range": {
              "start": {
                "line": 76,
                "character": 30
              },
              "end": {
                "line": 76,
                "character": 36
              }
            },
            "newText": "$kittens_and_rainbows"
          },
          {
            "range": {
              "start": {
                "line": 77,
                "character": 11
              },
              "end": {
                "line": 77,
                "character": 17
              }
            },
            "newText": "$kittens_and_rainbows"
          }
        ]
      }
    }
  },
  {
    "jsonrpc": "2.0",
    "id": 7,
    "result": {
      "changes": {
        "${php_file_uri}": [
          {
            "range": {
              "start": {
                "line": 21,
                "character": 18
              },
              "end": {
                "line": 21,
                "character": 35
              }
            },
            "newText": "new_and_improved"
          },
          {
            "range": {
              "start": {
                "line": 56,
                "character": 22
              },
              "end": {
                "line": 56,
                "character": 39
              }
            },
            "newText": "new_and_improved"
          },
          {
            "range": {
              "start": {
                "line": 15,
                "character": 0
              },
              "end": {
                "line": 15,
                "character": 0
              }
            },
            "newText": "\n  <<__Deprecated(\"Use `new_and_improved` instead\")>>\n  public function deprecated_method(int $x, string $y, int $v, ...): int {\n    return $this->new_and_improved($x, $y, $v, ...Vec\\drop(func_get_args(), 3));\n  }\n"
          }
        ]
      }
    }
  },
  {
    "jsonrpc": "2.0",
    "id": 8,
    "result": {
      "changes": {
        "${php_file_uri}": [
          {
            "range": {
              "start": {
                "line": 26,
                "character": 25
              },
              "end": {
                "line": 26,
                "character": 36
              }
            },
            "newText": "new_static_method"
          },
          {
            "range": {
              "start": {
                "line": 24,
                "character": 0
              },
              "end": {
                "line": 24,
                "character": 0
              }
            },
            "newText": "\n  <<__Deprecated(\"Use `new_static_method` instead\")>>\n  public static function depr_static(int $x, string $y, int $v, ...): int {\n    return self::new_static_method($x, $y, $v, ...Vec\\drop(func_get_args(), 3));\n  }\n"
          }
        ]
      }
    }
  },
  {
    "jsonrpc": "2.0",
    "id": 9,
    "result": {
      "changes": {
        "${php_file_uri}": [
          {
            "range": {
              "start": {
                "line": 31,
                "character": 24
              },
              "end": {
                "line": 31,
                "character": 34
              }
            },
            "newText": "new_async_method"
          },
          {
            "range": {
              "start": {
                "line": 29,
                "character": 0
              },
              "end": {
                "line": 29,
                "character": 0
              }
            },
            "newText": "\n  <<__Deprecated(\"Use `new_async_method` instead\")>>\n  public async function depr_async(int $x, int $v, ...): Awaitable<int> {\n    return await $this->new_async_method($x, $v, ...Vec\\drop(func_get_args(), 2));\n  }\n"
          }
        ]
      }
    }
  },
  {
    "jsonrpc": "2.0",
    "id": 10,
    "result": {
      "changes": {
        "${php_file_uri}": [
          {
            "range": {
              "start": {
                "line": 36,
                "character": 31
              },
              "end": {
                "line": 36,
                "character": 48
              }
            },
            "newText": "new_static_async_method"
          },
          {
            "range": {
              "start": {
                "line": 34,
                "character": 0
              },
              "end": {
                "line": 34,
                "character": 0
              }
            },
            "newText": "\n  <<__Deprecated(\"Use `new_static_async_method` instead\")>>\n  public static async function depr_static_async(int $x): Awaitable<\n    void,\n  > {\n    await self::new_static_async_method($x);\n  }\n"
          }
        ]
      }
    }
  },
  {
    "jsonrpc": "2.0",
    "id": 11,
    "result": {
      "changes": {
        "${php_file_uri}": [
          {
            "range": {
              "start": {
                "line": 48,
                "character": 9
              },
              "end": {
                "line": 48,
                "character": 20
              }
            },
            "newText": "new_test_rename_method"
          },
          {
            "range": {
              "start": {
                "line": 65,
                "character": 2
              },
              "end": {
                "line": 65,
                "character": 13
              }
            },
            "newText": "new_test_rename_method"
          },
          {
            "range": {
              "start": {
                "line": 47,
                "character": 0
              },
              "end": {
                "line": 47,
                "character": 0
              }
            },
            "newText": "\n<<__Deprecated(\"Use `new_test_rename_method` instead\")>>\nfunction test_rename(): void {\n  new_test_rename_method();\n}\n"
          }
        ]
      }
    }
  },
  {
    "jsonrpc": "2.0",
    "id": 12,
    "result": {
      "changes": {
        "${php_file_uri}": [
          {
            "range": {
              "start": {
                "line": 60,
                "character": 15
              },
              "end": {
                "line": 60,
                "character": 32
              }
            },
            "newText": "new_async_test_rename_method"
          },
          {
            "range": {
              "start": {
                "line": 66,
                "character": 15
              },
              "end": {
                "line": 66,
                "character": 32
              }
            },
            "newText": "new_async_test_rename_method"
          },
          {
            "range": {
              "start": {
                "line": 59,
                "character": 0
              },
              "end": {
                "line": 59,
                "character": 0
              }
            },
            "newText": "\n<<__Deprecated(\"Use `new_async_test_rename_method` instead\")>>\nasync function async_test_rename(): Awaitable<int> {\n  return await new_async_test_rename_method();\n}\n"
          }
        ]
      }
    }
  },
  {
    "jsonrpc": "2.0",
    "id": 13,
    "result": {
      "changes": {
        "${php_file_uri}": [
          {
            "range": {
              "start": {
                "line": 42,
                "character": 5
              },
              "end": {
                "line": 42,
                "character": 19
              }
            },
            "newText": "TSHIRT_SIZES"
          },
          {
            "range": {
              "start": {
                "line": 57,
                "character": 10
              },
              "end": {
                "line": 57,
                "character": 24
              }
            },
            "newText": "TSHIRT_SIZES"
          }
        ]
      }
    }
  },
  {
    "jsonrpc": "2.0",
    "id": 999,
    "result": null
  }
]
